
> afridigital-hub@1.0.0 prebuild
> grep -R 'wa.me\|whatsapp://' src && exit 1 || true


> afridigital-hub@1.0.0 build
> npm run prebuild && vite build --emptyOutDir


> afridigital-hub@1.0.0 prebuild
> grep -R 'wa.me\|whatsapp://' src && exit 1 || true

vite v8.1.0 building client environment for production...
[2Ktransforming...✓ 149 modules transformed.
rendering chunks...
computing gzip size...
dist/index.html                            0.47 kB │ gzip:  0.32 kB
dist/assets/index-CFzeKSDy.css            12.94 kB │ gzip:  3.21 kB
dist/assets/africomm-BvYRW9VU.js           0.06 kB │ gzip:  0.08 kB
dist/assets/afriboost-CNPygam-.js          0.06 kB │ gzip:  0.08 kB
dist/assets/afrisports-B_6YJpNd.js         0.06 kB │ gzip:  0.08 kB
dist/assets/africommerce-IL_8hXGU.js       0.07 kB │ gzip:  0.08 kB
dist/assets/afrimetaworld-DOpQbK96.js      0.07 kB │ gzip:  0.08 kB
dist/assets/AfriScanWrapper-4aACwgfg.js    0.27 kB │ gzip:  0.22 kB
dist/assets/SOCDashboard-CQZVcKcq.js       0.65 kB │ gzip:  0.37 kB
dist/assets/AfriBankView-B1WE21w9.js       0.76 kB │ gzip:  0.49 kB
dist/assets/AfriAIDashboard-CRlZ6gC2.js    2.04 kB │ gzip:  0.78 kB
dist/assets/AfriCCTVView-CBHFisan.js      10.93 kB │ gzip:  3.88 kB
dist/assets/index-BaxNzsvD.js            258.10 kB │ gzip: 81.47 kB

✓ built in 1.40s
